2026-07-13T01:59:02:   ▲ Next.js 14.2.33
2026-07-13T01:59:02:   - Local:        http://localhost:80
2026-07-13T01:59:02: 
2026-07-13T01:59:02:  ✓ Starting...
2026-07-13T01:59:02:  ✓ Ready in 1608ms
2026-07-13T02:10:06:   ▲ Next.js 14.2.33
2026-07-13T02:10:06:   - Local:        http://localhost:80
2026-07-13T02:10:06: 
2026-07-13T02:10:06:  ✓ Starting...
2026-07-13T02:10:06:  ✓ Ready in 212ms
2026-07-13T02:43:01:   ▲ Next.js 14.2.33
2026-07-13T02:43:01:   - Local:        http://localhost:80
2026-07-13T02:43:01: 
2026-07-13T02:43:01:  ✓ Starting...
2026-07-13T02:43:01:  ✓ Ready in 219ms
2026-07-13T03:16:25:   ▲ Next.js 14.2.33
2026-07-13T03:16:25:   - Local:        http://localhost:80
2026-07-13T03:16:25: 
2026-07-13T03:16:25:  ✓ Starting...
2026-07-13T03:16:25:  ✓ Ready in 215ms
2026-07-13T17:53:56:   ▲ Next.js 14.2.33
2026-07-13T17:53:56:   - Local:        http://localhost:80
2026-07-13T17:53:56: 
2026-07-13T17:53:56:  ✓ Starting...
2026-07-13T17:53:57:  ✓ Ready in 2.8s
2026-07-13T18:11:59:   ▲ Next.js 14.2.33
2026-07-13T18:11:59:   - Local:        http://localhost:80
2026-07-13T18:11:59: 
2026-07-13T18:11:59:  ✓ Starting...
2026-07-13T18:11:59:  ✓ Ready in 212ms
2026-07-13T18:38:14:   ▲ Next.js 14.2.33
2026-07-13T18:38:14:   - Local:        http://localhost:80
2026-07-13T18:38:14: 
2026-07-13T18:38:14:  ✓ Starting...
2026-07-13T18:38:14:  ✓ Ready in 2.1s
2026-07-13T19:04:10:   ▲ Next.js 14.2.33
2026-07-13T19:04:10:   - Local:        http://localhost:80
2026-07-13T19:04:10: 
2026-07-13T19:04:10:  ✓ Starting...
2026-07-13T19:04:10:  ✓ Ready in 212ms
2026-07-13T19:14:05:   ▲ Next.js 14.2.33
2026-07-13T19:14:05:   - Local:        http://localhost:80
2026-07-13T19:14:05: 
2026-07-13T19:14:05:  ✓ Starting...
2026-07-13T19:14:05:  ✓ Ready in 212ms
2026-07-13T19:18:31:   ▲ Next.js 14.2.33
2026-07-13T19:18:31:   - Local:        http://localhost:80
2026-07-13T19:18:31: 
2026-07-13T19:18:31:  ✓ Starting...
2026-07-13T19:18:31:  ✓ Ready in 211ms
2026-07-13T19:34:34:   ▲ Next.js 14.2.33
2026-07-13T19:34:34:   - Local:        http://localhost:80
2026-07-13T19:34:34: 
2026-07-13T19:34:34:  ✓ Starting...
2026-07-13T19:34:34:  ✓ Ready in 218ms
